pt
translator installed


Sat Aug 29 21:46:38 2026
PhotoRec 7.3-WIP, Data Recovery Utility, September 2025
Christophe GRENIER <grenier@cgsecurity.org>
https://www.cgsecurity.org
OS: Windows 8 (9200)
Compiler: GCC 14.2, MinGW 3.11
ext2fs lib: none, ntfs lib: available, ewf lib: 20140608, libjpeg: libjpeg-turbo-3.0.2
disk_get_size_win32 IOCTL_DISK_GET_LENGTH_INFO(\\.\PhysicalDrive0)=500107862016
disk_get_size_win32 IOCTL_DISK_GET_LENGTH_INFO(\\.\PhysicalDrive1)=1000204886016
disk_get_size_win32 IOCTL_DISK_GET_LENGTH_INFO(\\.\PhysicalDrive2)=1000204886016
disk_get_size_win32 IOCTL_DISK_GET_LENGTH_INFO(\\.\PhysicalDrive3)=1000204886016
disk_get_size_win32 IOCTL_DISK_GET_LENGTH_INFO(\\.\C:)=499056729600
disk_get_size_win32 IOCTL_DISK_GET_LENGTH_INFO(\\.\D:)=500106788864
disk_get_size_win32 IOCTL_DISK_GET_LENGTH_INFO(\\.\E:)=1000203091968
disk_get_size_win32 IOCTL_DISK_GET_LENGTH_INFO(\\.\F:)=1000203091968
disk_get_size_win32 IOCTL_DISK_GET_LENGTH_INFO(\\.\G:)=500326989824
Partition table type (auto): Intel
Disk \\.\PhysicalDrive0 - 500 GB / 465 GiB (RO) - SAMSUNG HM500JI
Geometry from i386 MBR: head=255 sector=63
     No partition             0   0  1 60801  80 63  976773168 [Whole disk]
 1 P HPFS - NTFS              0  32 33 60801  80 15  976771072 [Games]
     NTFS, blocksize=4096, 500 GB / 465 GiB
QPhotoRec exited normally.
