Starting scan at 21/08/2026 11:52:20,39 
Lendo episodios do banco...
Total episodios: 7106
Diretorios: 271
Episodios ja com corte: 5527
Registros corte (ep+tipo): 9673
[1/271] 12 ep(s) - ja processado
[2/271] 13 ep(s) - ja processado
[3/271] 39 ep(s) - ja processado
[4/271] 17 ep(s) - ja processado
[5/271] F:\As Aventuras de Jackie Chan\4ª Temporada (13 eps)... intros=0 endings=0 comerciais=0 (98029ms)
[6/271] 13 ep(s) - ja processado
[7/271] F:\As Meninas Super Poderosas - Incompleto (103 eps)... intros=0 endings=0 comerciais=0 (155585ms)
[8/271] 1 ep(s) - pulando
[9/271] F:\Attack on Titans - Legendado\Lost Girls - Dublado (3 eps)... intros=0 endings=0 comerciais=0 (57082ms)
[10/271] 3 ep(s) - ja processado
[11/271] 2 ep(s) - ja processado
[12/271] 25 ep(s) - ja processado
[13/271] 12 ep(s) - ja processado
[14/271] 12 ep(s) - ja processado
[15/271] 10 ep(s) - ja processado
[16/271] 16 ep(s) - ja processado
[17/271] F:\Attack on Titans - Legendado\4ª Temporada\Parte 2 (12 eps)... intros=0 endings=0 comerciais=0 (115065ms)
[18/271] 2 ep(s) - ja processado
[19/271] 20 ep(s) - ja processado
[20/271] 20 ep(s) - ja processado
[21/271] 21 ep(s) - ja processado
[22/271] F:\Avatar\2_Korra\1ª Temporada (12 eps)... intros=0 endings=0 comerciais=4 (96077ms)
[23/271] 14 ep(s) - ja processado
[24/271] 13 ep(s) - ja processado
[25/271] 13 ep(s) - ja processado
[26/271] 26 ep(s) - ja processado
[27/271] 13 ep(s) - ja processado
[28/271] 12 ep(s) - ja processado
[29/271] 27 ep(s) - ja processado
[30/271] 25 ep(s) - ja processado
[31/271] 16 ep(s) - ja processado
[32/271] 9 ep(s) - ja processado
[33/271] 15 ep(s) - ja processado
[34/271] 36 ep(s) - ja processado
[35/271] 51 ep(s) - ja processado
[36/271] 26 ep(s) - ja processado
[37/271] 24 ep(s) - ja processado
[38/271] 20 ep(s) - ja processado
[39/271] 21 ep(s) - ja processado
[40/271] 22 ep(s) - ja processado
[41/271] F:\Bleach\4ª Temporada (28 eps)... intros=0 endings=0 comerciais=4 (342045ms)
[42/271] 18 ep(s) - ja processado
[43/271] 22 ep(s) - ja processado
[44/271] 20 ep(s) - ja processado
[45/271] 16 ep(s) - ja processado
[46/271] 22 ep(s) - ja processado
[47/271] F:\Buko no Hero\8ª Temporada - Legendado (11 eps)... intros=0 endings=0 comerciais=0 (725588ms)
[48/271] 13 ep(s) - ja processado
[49/271] 13 ep(s) - ja processado
[50/271] 13 ep(s) - ja processado
[51/271] 25 ep(s) - ja processado
[52/271] 25 ep(s) - ja processado
[53/271] 25 ep(s) - ja processado
[54/271] 25 ep(s) - ja processado
[55/271] 25 ep(s) - ja processado
[56/271] 21 ep(s) - ja processado
[57/271] 1 ep(s) - pulando
[58/271] 12 ep(s) - ja processado
[59/271] 25 ep(s) - ja processado
[60/271] 25 ep(s) - ja processado
[61/271] 13 ep(s) - ja processado
[62/271] 13 ep(s) - ja processado
[63/271] 13 ep(s) - ja processado
[64/271] 13 ep(s) - ja processado
[65/271] F:\Cowboy Bebop (26 eps)... intros=0 endings=0 comerciais=15 (254098ms)
[66/271] 12 ep(s) - ja processado
[67/271] 12 ep(s) - ja processado
[68/271] 37 ep(s) - ja processado
[69/271] 1 ep(s) - pulando
[70/271] F:\Demon Slayer - Legendado\1ª Temporada (26 eps)... intros=0 endings=0 comerciais=11 (200818ms)
[71/271] F:\Demon Slayer - Legendado\2ª Temporada\Parte 1 (7 eps)... intros=0 endings=0 comerciais=5 (94959ms)
[72/271] F:\Demon Slayer - Legendado\2ª Temporada\Parte 2 (11 eps)... intros=0 endings=0 comerciais=2 (187091ms)
[73/271] F:\Demon Slayer - Legendado\3ª Temporada (11 eps)... intros=0 endings=0 comerciais=3 (138376ms)
[74/271] F:\Demon Slayer - Legendado\4ª Temporada (8 eps)... intros=0 endings=0 comerciais=2 (543086ms)
[75/271] F:\Digimon - Incompleto\1_Adventure\1ª Temporada (54 eps)... intros=0 endings=0 comerciais=4 (260709ms)
[76/271] 50 ep(s) - ja processado
[77/271] 6 ep(s) - ja processado
[78/271] 51 ep(s) - ja processado
[79/271] F:\Digimon - Incompleto\3_Frontier (50 eps)... intros=0 endings=0 comerciais=12 (206941ms)
[80/271] F:\Digimon - Incompleto\4_Savers (48 eps)... intros=0 endings=0 comerciais=1 (279305ms)
[81/271] F:\Digimon - Incompleto\5_Xros Wars - Legendado\1ª Temporada (30 eps)... intros=0 endings=0 comerciais=0 (241284ms)
[82/271] 24 ep(s) - ja processado
[83/271] 25 ep(s) - ja processado
[84/271] 52 ep(s) - ja processado
[85/271] 67 ep(s) - ja processado
[86/271] F:\Dr. Stone\1ª Temporada (24 eps)... intros=0 endings=0 comerciais=2 (285974ms)
[87/271] F:\Dr. Stone\2ª Temporada (11 eps)... intros=0 endings=0 comerciais=1 (122590ms)
[88/271] 10 ep(s) - ja processado
[89/271] 11 ep(s) - ja processado
[90/271] F:\Dragon Ball\6_Dragon Ball Daima - Legandado\1ª Temporada (20 eps)... intros=0 endings=0 comerciais=0 (1227167ms)
[91/271] 13 ep(s) - ja processado
[92/271] F:\Dragon Ball\2_Dragon Ball Z\Parte 1 (35 eps)... intros=0 endings=0 comerciais=0 (187535ms)
[93/271] 16 ep(s) - ja processado
[94/271] 14 ep(s) - ja processado
[95/271] 6 ep(s) - ja processado
[96/271] 13 ep(s) - ja processado
[97/271] 15 ep(s) - ja processado
[98/271] 13 ep(s) - ja processado
[99/271] F:\Dragon Ball\3_Dragon Ball GT\Parte 2 (24 eps)... intros=0 endings=0 comerciais=3 (299392ms)
[100/271] 1 ep(s) - pulando
[101/271] 8 ep(s) - ja processado
[102/271] 19 ep(s) - ja processado
[103/271] 17 ep(s) - ja processado
[104/271] 1 ep(s) - pulando
[105/271] 11 ep(s) - ja processado
[106/271] F:\Dragon Ball\2_Dragon Ball Z\Parte 2 (72 eps)... intros=0 endings=0 comerciais=1 (465488ms)
[107/271] 7 ep(s) - ja processado
[108/271] 10 ep(s) - ja processado
[109/271] 12 ep(s) - ja processado
[110/271] 30 ep(s) - ja processado
[111/271] 17 ep(s) - ja processado
[112/271] 6 ep(s) - ja processado
[113/271] 11 ep(s) - ja processado
[114/271] 15 ep(s) - ja processado
[115/271] 55 ep(s) - ja processado
[116/271] 18 ep(s) - ja processado
[117/271] 21 ep(s) - ja processado
[118/271] F:\Dragon Ball\2_Dragon Ball Z\Parte 3 (10 eps)... intros=0 endings=0 comerciais=1 (38328ms)
[119/271] F:\Dragon Ball\2_Dragon Ball Z\Parte 4 (22 eps)... intros=0 endings=0 comerciais=1 (94545ms)
[120/271] 31 ep(s) - ja processado
[121/271] F:\Dragon Ball\2_Dragon Ball Z\Parte 5 (55 eps)... intros=0 endings=0 comerciais=12 (309745ms)
[122/271] F:\Dragon Ball\2_Dragon Ball Z\Parte 6 (5 eps)... intros=0 endings=0 comerciais=1 (15635ms)
[123/271] F:\Dragon Ball\2_Dragon Ball Z\Parte 7 (92 eps)... intros=0 endings=0 comerciais=3 (614351ms)
[124/271] F:\Full Metal Alchemist - Brotherhood (64 eps)... intros=0 endings=0 comerciais=5 (914260ms)
[125/271] 13 ep(s) - ja processado
[126/271] 13 ep(s) - ja processado
[127/271] F:\Goblin Slayer\1ª Temporada (11 eps)... intros=0 endings=0 comerciais=2 (121076ms)
[128/271] 12 ep(s) - ja processado
[129/271] F:\Hanna-Barbera - Incompleto (2 eps)... intros=0 endings=0 comerciais=1 (29715ms)
[130/271] 13 ep(s) - ja processado
[131/271] F:\Hellsing\2ª Temporada (10 eps)... intros=0 endings=0 comerciais=7 (196619ms)
[132/271] F:\Hunter x Hunter (148 eps)... intros=0 endings=0 comerciais=66 (1219807ms)
[133/271] F:\Inuyasha (167 eps)... intros=0 endings=0 comerciais=65 (1501837ms)
[134/271] F:\Johnny Bravo - Incompleto\1ª Temporada (10 eps)... intros=0 endings=0 comerciais=0 (32264ms)
[135/271] F:\Johnny Bravo - Incompleto\2ª Temporada (25 eps)... intros=0 endings=0 comerciais=0 (69375ms)
[136/271] F:\Johnny Bravo - Incompleto\3ª Temporada (35 eps)... intros=0 endings=0 comerciais=0 (68306ms)
[137/271] F:\Johnny Bravo - Incompleto\4ª Temporada (9 eps)... intros=0 endings=0 comerciais=0 (58322ms)
[138/271] 9 ep(s) - ja processado
[139/271] F:\JoJo's Bizarre Adventure\1ª Temporada\Parte 2 (17 eps)... intros=0 endings=0 comerciais=2 (191277ms)
[140/271] F:\JoJo's Bizarre Adventure\2ª Temporada\Parte 1 (24 eps)... intros=0 endings=0 comerciais=0 (196525ms)
[141/271] F:\JoJo's Bizarre Adventure\2ª Temporada\Parte 2 (24 eps)... intros=0 endings=0 comerciais=0 (322622ms)
[142/271] F:\JoJo's Bizarre Adventure\3ª Temporada (39 eps)... intros=0 endings=0 comerciais=3 (371771ms)
[143/271] F:\JoJo's Bizarre Adventure\4ª Temporada (39 eps)... intros=0 endings=0 comerciais=6 (468145ms)
[144/271] 12 ep(s) - ja processado
[145/271] 12 ep(s) - ja processado
[146/271] 14 ep(s) - ja processado
[147/271] F:\Jujutsu Kaisen\1ª Temporada (24 eps)... intros=0 endings=0 comerciais=1 (267752ms)
[148/271] 23 ep(s) - ja processado
[149/271] 10 ep(s) - ja processado
[150/271] 10 ep(s) - ja processado
[151/271] F:\Looney Tones - Incompleto (227 eps)... intros=0 endings=0 comerciais=0 (314995ms)
[152/271] F:\Medabots\1_Medabots (52 eps)... intros=0 endings=0 comerciais=0 (301135ms)
[153/271] 39 ep(s) - ja processado
[154/271] 12 ep(s) - ja processado
[155/271] 13 ep(s) - ja processado
[156/271] 12 ep(s) - ja processado
[157/271] 24 ep(s) - ja processado
[158/271] F:\Nanatsu no Taizai\2ª Temporada (24 eps)... intros=0 endings=0 comerciais=20 (319315ms)
[159/271] 24 ep(s) - ja processado
[160/271] 24 ep(s) - ja processado
[161/271] 25 ep(s) - ja processado
[162/271] 28 ep(s) - ja processado
[163/271] 24 ep(s) - ja processado
[164/271] 26 ep(s) - ja processado
[165/271] 25 ep(s) - ja processado
[166/271] 25 ep(s) - ja processado
[167/271] 25 ep(s) - ja processado
[168/271] 24 ep(s) - ja processado
[169/271] 18 ep(s) - ja processado
[170/271] F:\Neon Genesis Evangelion (26 eps)... intros=0 endings=0 comerciais=7 (435994ms)
[171/271] F:\One Piece - Incompleto (625 eps)... intros=0 endings=0 comerciais=146 (7535712ms)
[172/271] F:\One Punch Man\3ª Temporada - Legendado (12 eps)... intros=0 endings=0 comerciais=0 (755124ms)
[173/271] F:\One Punch Man\1ª Temporada (12 eps)... intros=0 endings=0 comerciais=1 (219073ms)
[174/271] F:\One Punch Man\2ª Temporada (12 eps)... intros=0 endings=0 comerciais=0 (340750ms)
[175/271] 8 ep(s) - ja processado
[176/271] 31 ep(s) - ja processado
[177/271] 34 ep(s) - ja processado
[178/271] 26 ep(s) - ja processado
[179/271] 15 ep(s) - ja processado
[180/271] 13 ep(s) - ja processado
[181/271] 12 ep(s) - ja processado
[182/271] 6 ep(s) - ja processado
[183/271] 13 ep(s) - ja processado
[184/271] 13 ep(s) - ja processado
[185/271] F:\Overlord\1ª Temporada (13 eps)... intros=0 endings=0 comerciais=3 (372868ms)
[186/271] F:\Overlord\2ª Temporada (13 eps)... intros=0 endings=0 comerciais=1 (369203ms)
[187/271] F:\Overlord\3ª Temporada (13 eps)... intros=0 endings=0 comerciais=1 (223238ms)
[188/271] F:\Overlord\4ª Temporada (13 eps)... intros=0 endings=0 comerciais=0 (221118ms)
[189/271] F:\Papa Léguas - Incompleto (47 eps)... intros=0 endings=0 comerciais=0 (103773ms)
[190/271] F:\Papa Léguas - Incompleto\Wile E. Coyote Genius & Bugs Bunny (6 eps)... intros=0 endings=0 comerciais=0 (7470ms)
[191/271] F:\Papa Léguas - Incompleto\Sam Sheepdog & Ralph Wolf (7 eps)... intros=0 endings=0 comerciais=0 (7959ms)
[192/271] 24 ep(s) - ja processado
[193/271] F:\Pica Pau - Incompleto (197 eps)... intros=0 endings=0 comerciais=0 (246287ms)
[194/271] F:\Pokémon - Incompleto\1ª Temporada (82 eps)... intros=0 endings=0 comerciais=0 (662370ms)
[195/271] F:\Pokémon - Incompleto\2ª Temporada (36 eps)... intros=0 endings=0 comerciais=8 (898755ms)
[196/271] 41 ep(s) - ja processado
[197/271] F:\Pokémon - Incompleto\4ª Temporada (52 eps)... intros=0 endings=0 comerciais=2 (803783ms)
[198/271] F:\Pokémon - Incompleto\5ª Temporada (65 eps)... intros=0 endings=0 comerciais=10 (1095136ms)
[199/271] F:\Re Zero\1ª Temporada (25 eps)... intros=0 endings=0 comerciais=4 (478726ms)
[200/271] F:\Re Zero\2ª Temporada\Parte 1 (13 eps)... intros=0 endings=0 comerciais=1 (293732ms)
[201/271] F:\Re Zero\2ª Temporada\Parte 2 (12 eps)... intros=0 endings=0 comerciais=4 (332793ms)
[202/271] 5 ep(s) - ja processado
[203/271] 15 ep(s) - ja processado
[204/271] 12 ep(s) - ja processado
[205/271] 10 ep(s) - ja processado
[206/271] F:\Sailor Moon\1ª Temporada (46 eps)... intros=0 endings=0 comerciais=4 (624475ms)
[207/271] 43 ep(s) - ja processado
[208/271] 38 ep(s) - ja processado
[209/271] 39 ep(s) - ja processado
[210/271] 34 ep(s) - ja processado
[211/271] F:\Sakura Card Captor\1ª Temporada (35 eps)... intros=0 endings=0 comerciais=1 (404188ms)
[212/271] 11 ep(s) - ja processado
[213/271] 24 ep(s) - ja processado
[214/271] 13 ep(s) - ja processado
[215/271] 13 ep(s) - ja processado
[216/271] 13 ep(s) - ja processado
[217/271] 13 ep(s) - ja processado
[218/271] 10 ep(s) - ja processado
[219/271] 39 ep(s) - ja processado
[220/271] 27 ep(s) - ja processado
[221/271] F:\Samurai X\Parte 2 (35 eps)... intros=0 endings=0 comerciais=5 (931291ms)
[222/271] 32 ep(s) - ja processado
[223/271] 13 ep(s) - ja processado
[224/271] F:\Shurato (38 eps)... intros=0 endings=0 comerciais=6 (1201666ms)
[225/271] F:\Spy X Family\1ª Temporada\Parte 1 (12 eps)... intros=0 endings=0 comerciais=0 (319011ms)
[226/271] 13 ep(s) - ja processado
[227/271] 12 ep(s) - ja processado
[228/271] 24 ep(s) - ja processado
[229/271] F:\Steins;Gate\2_Stains;Gate0\1ª Temporada (12 eps)... intros=0 endings=0 comerciais=3 (304953ms)
[230/271] F:\Steins;Gate\2_Stains;Gate0\2ª Temporada (11 eps)... intros=0 endings=0 comerciais=5 (161152ms)
[231/271] 29 ep(s) - ja processado
[232/271] F:\Sword Art Online\1ª Temporada\Parte 1 (14 eps)... intros=0 endings=0 comerciais=1 (254374ms)
[233/271] 11 ep(s) - ja processado
[234/271] F:\Sword Art Online\2ª Temporada\Parte 1 (14 eps)... intros=0 endings=0 comerciais=4 (312345ms)
[235/271] 3 ep(s) - ja processado
[236/271] 7 ep(s) - ja processado
[237/271] F:\Sword Art Online\3ª Temporada\Parte 1 (13 eps)... intros=0 endings=0 comerciais=3 (302264ms)
[238/271] 7 ep(s) - ja processado
[239/271] F:\Sword Art Online\3ª Temporada\Parte 3 (4 eps)... intros=0 endings=0 comerciais=1 (238051ms)
[240/271] F:\Sword Art Online\3ª Temporada\Parte 4 (6 eps)... intros=0 endings=0 comerciais=1 (224486ms)
[241/271] 5 ep(s) - ja processado
[242/271] F:\Sword Art Online\3ª Temporada\Parte 6 (7 eps)... intros=0 endings=0 comerciais=1 (166486ms)
[243/271] F:\Sword Art Online\3ª Temporada\Parte 7 (6 eps)... intros=0 endings=0 comerciais=2 (148484ms)
[244/271] F:\The Promised Neverland - Legendado\1ª Temporada (12 eps)... intros=0 endings=0 comerciais=9 (206745ms)
[245/271] 11 ep(s) - ja processado
[246/271] 65 ep(s) - ja processado
[247/271] 13 ep(s) - ja processado
[248/271] 20 ep(s) - ja processado
[249/271] F:\Tiny Toons - Incompleto\Especiais (2 eps)... intros=0 endings=0 comerciais=0 (11514ms)
[250/271] F:\Tokyo Ghoul\1ª Temporada (12 eps)... intros=0 endings=0 comerciais=1 (168185ms)
[251/271] 12 ep(s) - ja processado
[252/271] 12 ep(s) - ja processado
[253/271] 12 ep(s) - ja processado
[254/271] F:\Tokyo Revengers\1ª Temporada (24 eps)... intros=0 endings=0 comerciais=9 (325246ms)
[255/271] F:\Tokyo Revengers\2ª Temporada (13 eps)... intros=0 endings=0 comerciais=4 (180111ms)
[256/271] 13 ep(s) - ja processado
[257/271] F:\Tom e Jerry - Incompleto (161 eps)... intros=0 endings=0 comerciais=0 (324482ms)
[258/271] 26 ep(s) - ja processado
[259/271] F:\Undead Unluck - Legendado (24 eps)... intros=0 endings=0 comerciais=24 (293171ms)
[260/271] F:\Violet Evergarden - Legendado (13 eps)... intros=0 endings=0 comerciais=5 (140364ms)
[261/271] 25 ep(s) - ja processado
[262/271] 41 ep(s) - ja processado
[263/271] 28 ep(s) - ja processado
[264/271] 18 ep(s) - ja processado
[265/271] F:\Yu-Gi-Oh! - Incompleto\1ª Temporada (49 eps)... intros=0 endings=0 comerciais=0 (244392ms)
[266/271] F:\Yu-Gi-Oh! - Incompleto\2ª Temporada (48 eps)... intros=0 endings=0 comerciais=0 (276343ms)
[267/271] 24 ep(s) - ja processado
[268/271] 26 ep(s) - ja processado
[269/271] 14 ep(s) - ja processado
[270/271] F:\Yu-Gi-Oh! - Incompleto\3ª Temporada\Parte 2 (23 eps)... intros=0 endings=0 comerciais=0 (173750ms)
[271/271] F:\Yu-Gi-Oh! - Incompleto\4ª Temporada (40 eps)... intros=0 endings=0 comerciais=0 (251444ms)

=== RESUMO FINAL ===
Intros:     0
Endings:    0
Comerciais: 543
Concluido.
Finished at 21/08/2026 22:29:17,81 
